// Jest Snapshot v1, https://goo.gl/fbAQLP

exports[`Search component renders the Search component 1`] = `
<DocumentFragment>
  <div>
    <form>
      <label>
        Search For News Articles
      </label>
      <input
        id="input"
        name="input"
        type="text"
        value="Election"
      />
      <button>
        Submit
      </button>
    </form>
  </div>
</DocumentFragment>
`;
